--------------------------------------------------------------------------------------
Timing Analyzer Summary
--------------------------------------------------------------------------------------

Type           : Worst-case tsu
Slack          : N/A
Required Time  : None
Actual Time    : 9.196 ns
From           : addr[2]
To             : latch_3:inst182|lpm_latch:lpm_latch_component|latches[0]
From Clock     : --
To Clock       : ctrl[3]
Failed Paths   : 0

Type           : Worst-case tco
Slack          : N/A
Required Time  : None
Actual Time    : 19.312 ns
From           : cache_row:inst250|latch_4:inst|lpm_latch:lpm_latch_component|latches[0]
To             : out_word[0]
From Clock     : clk
To Clock       : --
Failed Paths   : 0

Type           : Worst-case tpd
Slack          : N/A
Required Time  : None
Actual Time    : 15.275 ns
From           : addr[12]
To             : out_word[0]
From Clock     : --
To Clock       : --
Failed Paths   : 0

Type           : Worst-case th
Slack          : N/A
Required Time  : None
Actual Time    : 5.281 ns
From           : in_data[2]
To             : cache_row:inst248|latch_8:inst2|lpm_latch:lpm_latch_component|latches[2]
From Clock     : --
To Clock       : clk
Failed Paths   : 0

Type           : Clock Setup: 'clk'
Slack          : N/A
Required Time  : None
Actual Time    : 53.61 MHz ( period = 18.654 ns )
From           : cache_row:inst250|latch_4:inst|lpm_latch:lpm_latch_component|latches[3]
To             : cache_count:inst|counter_8_async:inst|lpm_counter:lpm_counter_component|cntr_uoi:auto_generated|safe_q[1]
From Clock     : clk
To Clock       : clk
Failed Paths   : 0

Type           : Clock Setup: 'ctrl[3]'
Slack          : N/A
Required Time  : None
Actual Time    : 84.26 MHz ( period = 11.868 ns )
From           : cache_row:inst251|counter_2:inst64|lpm_counter:lpm_counter_component|cntr_4ai:auto_generated|safe_q[0]
To             : latch_1:inst43|lpm_latch:lpm_latch_component|latches[0]
From Clock     : ctrl[3]
To Clock       : ctrl[3]
Failed Paths   : 0

Type           : Clock Setup: 'addr[2]'
Slack          : N/A
Required Time  : None
Actual Time    : 188.86 MHz ( period = 5.295 ns )
From           : cache_row:inst248|latch_4:inst|lpm_latch:lpm_latch_component|latches[1]
To             : cache_row:inst250|latch_4:inst|lpm_latch:lpm_latch_component|latches[1]
From Clock     : addr[2]
To Clock       : addr[2]
Failed Paths   : 0

Type           : Clock Setup: 'ctrl[0]'
Slack          : N/A
Required Time  : None
Actual Time    : 196.46 MHz ( period = 5.090 ns )
From           : cache_row:inst248|latch_4:inst|lpm_latch:lpm_latch_component|latches[1]
To             : cache_row:inst250|latch_4:inst|lpm_latch:lpm_latch_component|latches[1]
From Clock     : ctrl[0]
To Clock       : ctrl[0]
Failed Paths   : 0

Type           : Clock Setup: 'addr[7]'
Slack          : N/A
Required Time  : None
Actual Time    : 198.73 MHz ( period = 5.032 ns )
From           : cache_row:inst248|latch_4:inst|lpm_latch:lpm_latch_component|latches[1]
To             : cache_row:inst251|latch_4:inst29|lpm_latch:lpm_latch_component|latches[1]
From Clock     : addr[7]
To Clock       : addr[7]
Failed Paths   : 0

Type           : Clock Setup: 'addr[6]'
Slack          : N/A
Required Time  : None
Actual Time    : 198.73 MHz ( period = 5.032 ns )
From           : cache_row:inst248|latch_4:inst|lpm_latch:lpm_latch_component|latches[1]
To             : cache_row:inst251|latch_4:inst29|lpm_latch:lpm_latch_component|latches[1]
From Clock     : addr[6]
To Clock       : addr[6]
Failed Paths   : 0

Type           : Clock Setup: 'addr[5]'
Slack          : N/A
Required Time  : None
Actual Time    : 198.73 MHz ( period = 5.032 ns )
From           : cache_row:inst248|latch_4:inst|lpm_latch:lpm_latch_component|latches[1]
To             : cache_row:inst251|latch_4:inst29|lpm_latch:lpm_latch_component|latches[1]
From Clock     : addr[5]
To Clock       : addr[5]
Failed Paths   : 0

Type           : Clock Setup: 'addr[9]'
Slack          : N/A
Required Time  : None
Actual Time    : 198.73 MHz ( period = 5.032 ns )
From           : cache_row:inst248|latch_4:inst|lpm_latch:lpm_latch_component|latches[1]
To             : cache_row:inst251|latch_4:inst29|lpm_latch:lpm_latch_component|latches[1]
From Clock     : addr[9]
To Clock       : addr[9]
Failed Paths   : 0

Type           : Clock Setup: 'addr[8]'
Slack          : N/A
Required Time  : None
Actual Time    : 198.73 MHz ( period = 5.032 ns )
From           : cache_row:inst248|latch_4:inst|lpm_latch:lpm_latch_component|latches[1]
To             : cache_row:inst251|latch_4:inst29|lpm_latch:lpm_latch_component|latches[1]
From Clock     : addr[8]
To Clock       : addr[8]
Failed Paths   : 0

Type           : Clock Setup: 'addr[4]'
Slack          : N/A
Required Time  : None
Actual Time    : 198.73 MHz ( period = 5.032 ns )
From           : cache_row:inst248|latch_4:inst|lpm_latch:lpm_latch_component|latches[1]
To             : cache_row:inst251|latch_4:inst29|lpm_latch:lpm_latch_component|latches[1]
From Clock     : addr[4]
To Clock       : addr[4]
Failed Paths   : 0

Type           : Clock Setup: 'addr[3]'
Slack          : N/A
Required Time  : None
Actual Time    : 203.79 MHz ( period = 4.907 ns )
From           : cache_row:inst248|latch_4:inst|lpm_latch:lpm_latch_component|latches[1]
To             : cache_row:inst248|latch_4:inst29|lpm_latch:lpm_latch_component|latches[1]
From Clock     : addr[3]
To Clock       : addr[3]
Failed Paths   : 0

Type           : Clock Hold: 'clk'
Slack          : Not operational: Clock Skew > Data Delay
Required Time  : None
Actual Time    : N/A
From           : cache_row:inst250|latch_4:inst29|lpm_latch:lpm_latch_component|latches[2]
To             : cache_row:inst250|latch_4:inst|lpm_latch:lpm_latch_component|latches[2]
From Clock     : clk
To Clock       : clk
Failed Paths   : 456

Type           : Clock Hold: 'ctrl[3]'
Slack          : Not operational: Clock Skew > Data Delay
Required Time  : None
Actual Time    : N/A
From           : latch_3:inst182|lpm_latch:lpm_latch_component|latches[2]
To             : cache_row:inst248|latch_4:inst29|lpm_latch:lpm_latch_component|latches[3]
From Clock     : ctrl[3]
To Clock       : ctrl[3]
Failed Paths   : 352

Type           : Clock Hold: 'addr[2]'
Slack          : Not operational: Clock Skew > Data Delay
Required Time  : None
Actual Time    : N/A
From           : cache_row:inst250|latch_4:inst|lpm_latch:lpm_latch_component|latches[2]
To             : cache_row:inst248|latch_4:inst|lpm_latch:lpm_latch_component|latches[2]
From Clock     : addr[2]
To Clock       : addr[2]
Failed Paths   : 54

Type           : Clock Hold: 'addr[3]'
Slack          : Not operational: Clock Skew > Data Delay
Required Time  : None
Actual Time    : N/A
From           : cache_row:inst248|latch_4:inst29|lpm_latch:lpm_latch_component|latches[2]
To             : cache_row:inst248|latch_4:inst|lpm_latch:lpm_latch_component|latches[2]
From Clock     : addr[3]
To Clock       : addr[3]
Failed Paths   : 36

Type           : Clock Hold: 'addr[4]'
Slack          : Not operational: Clock Skew > Data Delay
Required Time  : None
Actual Time    : N/A
From           : cache_row:inst248|latch_4:inst29|lpm_latch:lpm_latch_component|latches[2]
To             : cache_row:inst248|latch_4:inst|lpm_latch:lpm_latch_component|latches[2]
From Clock     : addr[4]
To Clock       : addr[4]
Failed Paths   : 45

Type           : Clock Hold: 'addr[8]'
Slack          : Not operational: Clock Skew > Data Delay
Required Time  : None
Actual Time    : N/A
From           : cache_row:inst248|latch_4:inst29|lpm_latch:lpm_latch_component|latches[2]
To             : cache_row:inst248|latch_4:inst|lpm_latch:lpm_latch_component|latches[2]
From Clock     : addr[8]
To Clock       : addr[8]
Failed Paths   : 45

Type           : Clock Hold: 'addr[9]'
Slack          : Not operational: Clock Skew > Data Delay
Required Time  : None
Actual Time    : N/A
From           : cache_row:inst248|latch_4:inst29|lpm_latch:lpm_latch_component|latches[2]
To             : cache_row:inst248|latch_4:inst|lpm_latch:lpm_latch_component|latches[2]
From Clock     : addr[9]
To Clock       : addr[9]
Failed Paths   : 45

Type           : Clock Hold: 'addr[5]'
Slack          : Not operational: Clock Skew > Data Delay
Required Time  : None
Actual Time    : N/A
From           : cache_row:inst248|latch_4:inst29|lpm_latch:lpm_latch_component|latches[2]
To             : cache_row:inst248|latch_4:inst|lpm_latch:lpm_latch_component|latches[2]
From Clock     : addr[5]
To Clock       : addr[5]
Failed Paths   : 45

Type           : Clock Hold: 'addr[6]'
Slack          : Not operational: Clock Skew > Data Delay
Required Time  : None
Actual Time    : N/A
From           : cache_row:inst248|latch_4:inst29|lpm_latch:lpm_latch_component|latches[2]
To             : cache_row:inst248|latch_4:inst|lpm_latch:lpm_latch_component|latches[2]
From Clock     : addr[6]
To Clock       : addr[6]
Failed Paths   : 45

Type           : Clock Hold: 'addr[7]'
Slack          : Not operational: Clock Skew > Data Delay
Required Time  : None
Actual Time    : N/A
From           : cache_row:inst248|latch_4:inst29|lpm_latch:lpm_latch_component|latches[2]
To             : cache_row:inst248|latch_4:inst|lpm_latch:lpm_latch_component|latches[2]
From Clock     : addr[7]
To Clock       : addr[7]
Failed Paths   : 45

Type           : Clock Hold: 'ctrl[0]'
Slack          : Not operational: Clock Skew > Data Delay
Required Time  : None
Actual Time    : N/A
From           : cache_row:inst248|latch_4:inst29|lpm_latch:lpm_latch_component|latches[2]
To             : cache_row:inst248|latch_4:inst|lpm_latch:lpm_latch_component|latches[2]
From Clock     : ctrl[0]
To Clock       : ctrl[0]
Failed Paths   : 45

Type           : Total number of failed paths
Slack          : 
Required Time  : 
Actual Time    : 
From           : 
To             : 
From Clock     : 
To Clock       : 
Failed Paths   : 1213

--------------------------------------------------------------------------------------

