Flow report for KatPro
Sat May 11 22:49:05 2013
Quartus II Version 9.1 Build 350 03/24/2010 Service Pack 2 SJ Web Edition


---------------------
; Table of Contents ;
---------------------
  1. Legal Notice
  2. Flow Summary
  3. Flow Settings
  4. Flow Non-Default Global Settings
  5. Flow Elapsed Time
  6. Flow OS Summary
  7. Flow Log



----------------
; Legal Notice ;
----------------
Copyright (C) 1991-2010 Altera Corporation
Your use of Altera Corporation's design tools, logic functions 
and other software and tools, and its AMPP partner logic 
functions, and any output files from any of the foregoing 
(including device programming or simulation files), and any 
associated documentation or information are expressly subject 
to the terms and conditions of the Altera Program License 
Subscription Agreement, Altera MegaCore Function License 
Agreement, or other applicable license agreement, including, 
without limitation, that your use is for the sole purpose of 
programming logic devices manufactured by Altera and sold by 
Altera or its authorized distributors.  Please refer to the 
applicable agreement for further details.



+------------------------------------------------------------------------------+
; Flow Summary                                                                 ;
+-------------------------------+----------------------------------------------+
; Flow Status                   ; Successful - Sat May 11 22:49:05 2013        ;
; Quartus II Version            ; 9.1 Build 350 03/24/2010 SP 2 SJ Web Edition ;
; Revision Name                 ; KatPro                                       ;
; Top-level Entity Name         ; parse_input_words                            ;
; Family                        ; Stratix II                                   ;
; Met timing requirements       ; N/A                                          ;
; Logic utilization             ; N/A                                          ;
;     Combinational ALUTs       ; 0                                            ;
;     Dedicated logic registers ; 0                                            ;
; Total registers               ; 0                                            ;
; Total pins                    ; 86                                           ;
; Total virtual pins            ; 0                                            ;
; Total block memory bits       ; 0                                            ;
; DSP block 9-bit elements      ; 0                                            ;
; Total PLLs                    ; 0                                            ;
; Total DLLs                    ; 0                                            ;
+-------------------------------+----------------------------------------------+


+-----------------------------------------+
; Flow Settings                           ;
+-------------------+---------------------+
; Option            ; Setting             ;
+-------------------+---------------------+
; Start date & time ; 05/11/2013 22:49:00 ;
; Main task         ; Compilation         ;
; Revision Name     ; KatPro              ;
+-------------------+---------------------+


+--------------------------------------------------------------------------------------------------------------------------+
; Flow Non-Default Global Settings                                                                                         ;
+------------------------------------+--------------------------------+---------------+-------------------+----------------+
; Assignment Name                    ; Value                          ; Default Value ; Entity Name       ; Section Id     ;
+------------------------------------+--------------------------------+---------------+-------------------+----------------+
; COMPILER_SIGNATURE_ID              ; 345052807176.136829814004392   ; --            ; --                ; --             ;
; IP_TOOL_NAME                       ; LPM_ROM                        ; --            ; --                ; --             ;
; IP_TOOL_NAME                       ; LPM_LATCH                      ; --            ; --                ; --             ;
; IP_TOOL_NAME                       ; LPM_ADD_SUB                    ; --            ; --                ; --             ;
; IP_TOOL_NAME                       ; LPM_CONSTANT                   ; --            ; --                ; --             ;
; IP_TOOL_NAME                       ; LPM_LATCH                      ; --            ; --                ; --             ;
; IP_TOOL_NAME                       ; LPM_BUSTRI                     ; --            ; --                ; --             ;
; IP_TOOL_NAME                       ; LPM_CONSTANT                   ; --            ; --                ; --             ;
; IP_TOOL_NAME                       ; LPM_BUSTRI                     ; --            ; --                ; --             ;
; IP_TOOL_NAME                       ; LPM_BUSTRI                     ; --            ; --                ; --             ;
; IP_TOOL_NAME                       ; LPM_DECODE                     ; --            ; --                ; --             ;
; IP_TOOL_NAME                       ; LPM_LATCH                      ; --            ; --                ; --             ;
; IP_TOOL_NAME                       ; LPM_COUNTER                    ; --            ; --                ; --             ;
; IP_TOOL_NAME                       ; LPM_COUNTER                    ; --            ; --                ; --             ;
; IP_TOOL_NAME                       ; LPM_COUNTER                    ; --            ; --                ; --             ;
; IP_TOOL_NAME                       ; LPM_DECODE                     ; --            ; --                ; --             ;
; IP_TOOL_NAME                       ; LPM_OR                         ; --            ; --                ; --             ;
; IP_TOOL_NAME                       ; LPM_CLSHIFT                    ; --            ; --                ; --             ;
; IP_TOOL_NAME                       ; LPM_COMPARE                    ; --            ; --                ; --             ;
; IP_TOOL_NAME                       ; LPM_CONSTANT                   ; --            ; --                ; --             ;
; IP_TOOL_NAME                       ; LPM_DECODE                     ; --            ; --                ; --             ;
; IP_TOOL_NAME                       ; LPM_COMPARE                    ; --            ; --                ; --             ;
; IP_TOOL_NAME                       ; LPM_COMPARE                    ; --            ; --                ; --             ;
; IP_TOOL_NAME                       ; LPM_FF                         ; --            ; --                ; --             ;
; IP_TOOL_NAME                       ; LPM_COUNTER                    ; --            ; --                ; --             ;
; IP_TOOL_NAME                       ; LPM_COUNTER                    ; --            ; --                ; --             ;
; IP_TOOL_NAME                       ; LPM_COMPARE                    ; --            ; --                ; --             ;
; IP_TOOL_NAME                       ; LPM_MUX                        ; --            ; --                ; --             ;
; IP_TOOL_NAME                       ; LPM_CLSHIFT                    ; --            ; --                ; --             ;
; IP_TOOL_NAME                       ; LPM_CONSTANT                   ; --            ; --                ; --             ;
; IP_TOOL_NAME                       ; LPM_CONSTANT                   ; --            ; --                ; --             ;
; IP_TOOL_NAME                       ; LPM_CONSTANT                   ; --            ; --                ; --             ;
; IP_TOOL_NAME                       ; LPM_CONSTANT                   ; --            ; --                ; --             ;
; IP_TOOL_NAME                       ; LPM_CONSTANT                   ; --            ; --                ; --             ;
; IP_TOOL_NAME                       ; LPM_CONSTANT                   ; --            ; --                ; --             ;
; IP_TOOL_NAME                       ; LPM_MUX                        ; --            ; --                ; --             ;
; IP_TOOL_NAME                       ; LPM_LATCH                      ; --            ; --                ; --             ;
; IP_TOOL_NAME                       ; LPM_CONSTANT                   ; --            ; --                ; --             ;
; IP_TOOL_NAME                       ; LPM_CONSTANT                   ; --            ; --                ; --             ;
; IP_TOOL_NAME                       ; LPM_CONSTANT                   ; --            ; --                ; --             ;
; IP_TOOL_NAME                       ; LPM_CONSTANT                   ; --            ; --                ; --             ;
; IP_TOOL_NAME                       ; LPM_COUNTER                    ; --            ; --                ; --             ;
; IP_TOOL_NAME                       ; LPM_CONSTANT                   ; --            ; --                ; --             ;
; IP_TOOL_NAME                       ; LPM_ADD_SUB                    ; --            ; --                ; --             ;
; IP_TOOL_NAME                       ; LPM_ADD_SUB                    ; --            ; --                ; --             ;
; IP_TOOL_NAME                       ; LPM_CONSTANT                   ; --            ; --                ; --             ;
; IP_TOOL_NAME                       ; LPM_CONSTANT                   ; --            ; --                ; --             ;
; IP_TOOL_NAME                       ; LPM_COUNTER                    ; --            ; --                ; --             ;
; IP_TOOL_NAME                       ; LPM_CONSTANT                   ; --            ; --                ; --             ;
; IP_TOOL_NAME                       ; LPM_CONSTANT                   ; --            ; --                ; --             ;
; IP_TOOL_NAME                       ; LPM_CONSTANT                   ; --            ; --                ; --             ;
; IP_TOOL_NAME                       ; LPM_CONSTANT                   ; --            ; --                ; --             ;
; IP_TOOL_NAME                       ; LPM_CONSTANT                   ; --            ; --                ; --             ;
; IP_TOOL_NAME                       ; LPM_CONSTANT                   ; --            ; --                ; --             ;
; IP_TOOL_NAME                       ; LPM_CONSTANT                   ; --            ; --                ; --             ;
; IP_TOOL_NAME                       ; LPM_CONSTANT                   ; --            ; --                ; --             ;
; IP_TOOL_NAME                       ; LPM_CONSTANT                   ; --            ; --                ; --             ;
; IP_TOOL_NAME                       ; LPM_CONSTANT                   ; --            ; --                ; --             ;
; IP_TOOL_NAME                       ; LPM_CONSTANT                   ; --            ; --                ; --             ;
; IP_TOOL_NAME                       ; LPM_CONSTANT                   ; --            ; --                ; --             ;
; IP_TOOL_NAME                       ; LPM_CONSTANT                   ; --            ; --                ; --             ;
; IP_TOOL_NAME                       ; LPM_CONSTANT                   ; --            ; --                ; --             ;
; IP_TOOL_NAME                       ; LPM_CONSTANT                   ; --            ; --                ; --             ;
; IP_TOOL_NAME                       ; LPM_MUX                        ; --            ; --                ; --             ;
; IP_TOOL_NAME                       ; LPM_CONSTANT                   ; --            ; --                ; --             ;
; IP_TOOL_NAME                       ; LPM_CONSTANT                   ; --            ; --                ; --             ;
; IP_TOOL_NAME                       ; LPM_CONSTANT                   ; --            ; --                ; --             ;
; IP_TOOL_NAME                       ; LPM_CONSTANT                   ; --            ; --                ; --             ;
; IP_TOOL_NAME                       ; LPM_CONSTANT                   ; --            ; --                ; --             ;
; IP_TOOL_NAME                       ; LPM_CONSTANT                   ; --            ; --                ; --             ;
; IP_TOOL_NAME                       ; LPM_CONSTANT                   ; --            ; --                ; --             ;
; IP_TOOL_NAME                       ; LPM_CONSTANT                   ; --            ; --                ; --             ;
; IP_TOOL_NAME                       ; LPM_MUX                        ; --            ; --                ; --             ;
; IP_TOOL_NAME                       ; LPM_MUX                        ; --            ; --                ; --             ;
; IP_TOOL_NAME                       ; LPM_LATCH                      ; --            ; --                ; --             ;
; IP_TOOL_NAME                       ; LPM_MUX                        ; --            ; --                ; --             ;
; IP_TOOL_NAME                       ; LPM_BUSTRI                     ; --            ; --                ; --             ;
; IP_TOOL_NAME                       ; LPM_ADD_SUB                    ; --            ; --                ; --             ;
; IP_TOOL_NAME                       ; LPM_CONSTANT                   ; --            ; --                ; --             ;
; IP_TOOL_NAME                       ; LPM_CONSTANT                   ; --            ; --                ; --             ;
; IP_TOOL_NAME                       ; LPM_CONSTANT                   ; --            ; --                ; --             ;
; IP_TOOL_NAME                       ; LPM_CONSTANT                   ; --            ; --                ; --             ;
; IP_TOOL_NAME                       ; LPM_CONSTANT                   ; --            ; --                ; --             ;
; IP_TOOL_NAME                       ; LPM_CONSTANT                   ; --            ; --                ; --             ;
; IP_TOOL_NAME                       ; LPM_MUX                        ; --            ; --                ; --             ;
; IP_TOOL_NAME                       ; LPM_BUSTRI                     ; --            ; --                ; --             ;
; IP_TOOL_NAME                       ; LPM_CONSTANT                   ; --            ; --                ; --             ;
; IP_TOOL_NAME                       ; LPM_CONSTANT                   ; --            ; --                ; --             ;
; IP_TOOL_NAME                       ; LPM_CONSTANT                   ; --            ; --                ; --             ;
; IP_TOOL_NAME                       ; LPM_COUNTER                    ; --            ; --                ; --             ;
; IP_TOOL_NAME                       ; LPM_COUNTER                    ; --            ; --                ; --             ;
; IP_TOOL_NAME                       ; LPM_LATCH                      ; --            ; --                ; --             ;
; IP_TOOL_NAME                       ; LPM_COUNTER                    ; --            ; --                ; --             ;
; IP_TOOL_NAME                       ; LPM_COUNTER                    ; --            ; --                ; --             ;
; IP_TOOL_NAME                       ; LPM_CONSTANT                   ; --            ; --                ; --             ;
; IP_TOOL_NAME                       ; LPM_CONSTANT                   ; --            ; --                ; --             ;
; IP_TOOL_NAME                       ; LPM_MUX                        ; --            ; --                ; --             ;
; IP_TOOL_NAME                       ; LPM_CONSTANT                   ; --            ; --                ; --             ;
; IP_TOOL_NAME                       ; LPM_CONSTANT                   ; --            ; --                ; --             ;
; IP_TOOL_NAME                       ; LPM_COUNTER                    ; --            ; --                ; --             ;
; IP_TOOL_VERSION                    ; 9.1                            ; --            ; --                ; --             ;
; IP_TOOL_VERSION                    ; 9.1                            ; --            ; --                ; --             ;
; IP_TOOL_VERSION                    ; 9.1                            ; --            ; --                ; --             ;
; IP_TOOL_VERSION                    ; 9.1                            ; --            ; --                ; --             ;
; IP_TOOL_VERSION                    ; 9.1                            ; --            ; --                ; --             ;
; IP_TOOL_VERSION                    ; 9.1                            ; --            ; --                ; --             ;
; IP_TOOL_VERSION                    ; 9.1                            ; --            ; --                ; --             ;
; IP_TOOL_VERSION                    ; 9.1                            ; --            ; --                ; --             ;
; IP_TOOL_VERSION                    ; 9.1                            ; --            ; --                ; --             ;
; IP_TOOL_VERSION                    ; 9.1                            ; --            ; --                ; --             ;
; IP_TOOL_VERSION                    ; 9.1                            ; --            ; --                ; --             ;
; IP_TOOL_VERSION                    ; 9.1                            ; --            ; --                ; --             ;
; IP_TOOL_VERSION                    ; 9.1                            ; --            ; --                ; --             ;
; IP_TOOL_VERSION                    ; 9.1                            ; --            ; --                ; --             ;
; IP_TOOL_VERSION                    ; 9.1                            ; --            ; --                ; --             ;
; IP_TOOL_VERSION                    ; 9.1                            ; --            ; --                ; --             ;
; IP_TOOL_VERSION                    ; 9.1                            ; --            ; --                ; --             ;
; IP_TOOL_VERSION                    ; 9.1                            ; --            ; --                ; --             ;
; IP_TOOL_VERSION                    ; 9.1                            ; --            ; --                ; --             ;
; IP_TOOL_VERSION                    ; 9.1                            ; --            ; --                ; --             ;
; IP_TOOL_VERSION                    ; 9.1                            ; --            ; --                ; --             ;
; IP_TOOL_VERSION                    ; 9.1                            ; --            ; --                ; --             ;
; IP_TOOL_VERSION                    ; 9.1                            ; --            ; --                ; --             ;
; IP_TOOL_VERSION                    ; 9.1                            ; --            ; --                ; --             ;
; IP_TOOL_VERSION                    ; 9.1                            ; --            ; --                ; --             ;
; IP_TOOL_VERSION                    ; 9.1                            ; --            ; --                ; --             ;
; IP_TOOL_VERSION                    ; 9.1                            ; --            ; --                ; --             ;
; IP_TOOL_VERSION                    ; 9.1                            ; --            ; --                ; --             ;
; IP_TOOL_VERSION                    ; 9.1                            ; --            ; --                ; --             ;
; IP_TOOL_VERSION                    ; 9.1                            ; --            ; --                ; --             ;
; IP_TOOL_VERSION                    ; 9.1                            ; --            ; --                ; --             ;
; IP_TOOL_VERSION                    ; 9.1                            ; --            ; --                ; --             ;
; IP_TOOL_VERSION                    ; 9.1                            ; --            ; --                ; --             ;
; IP_TOOL_VERSION                    ; 9.1                            ; --            ; --                ; --             ;
; IP_TOOL_VERSION                    ; 9.1                            ; --            ; --                ; --             ;
; IP_TOOL_VERSION                    ; 9.1                            ; --            ; --                ; --             ;
; IP_TOOL_VERSION                    ; 9.1                            ; --            ; --                ; --             ;
; IP_TOOL_VERSION                    ; 9.1                            ; --            ; --                ; --             ;
; IP_TOOL_VERSION                    ; 9.1                            ; --            ; --                ; --             ;
; IP_TOOL_VERSION                    ; 9.1                            ; --            ; --                ; --             ;
; IP_TOOL_VERSION                    ; 9.1                            ; --            ; --                ; --             ;
; IP_TOOL_VERSION                    ; 9.1                            ; --            ; --                ; --             ;
; IP_TOOL_VERSION                    ; 9.1                            ; --            ; --                ; --             ;
; IP_TOOL_VERSION                    ; 9.1                            ; --            ; --                ; --             ;
; IP_TOOL_VERSION                    ; 9.1                            ; --            ; --                ; --             ;
; IP_TOOL_VERSION                    ; 9.1                            ; --            ; --                ; --             ;
; IP_TOOL_VERSION                    ; 9.1                            ; --            ; --                ; --             ;
; IP_TOOL_VERSION                    ; 9.1                            ; --            ; --                ; --             ;
; IP_TOOL_VERSION                    ; 9.1                            ; --            ; --                ; --             ;
; IP_TOOL_VERSION                    ; 9.1                            ; --            ; --                ; --             ;
; IP_TOOL_VERSION                    ; 9.1                            ; --            ; --                ; --             ;
; IP_TOOL_VERSION                    ; 9.1                            ; --            ; --                ; --             ;
; IP_TOOL_VERSION                    ; 9.1                            ; --            ; --                ; --             ;
; IP_TOOL_VERSION                    ; 9.1                            ; --            ; --                ; --             ;
; IP_TOOL_VERSION                    ; 9.1                            ; --            ; --                ; --             ;
; IP_TOOL_VERSION                    ; 9.1                            ; --            ; --                ; --             ;
; IP_TOOL_VERSION                    ; 9.1                            ; --            ; --                ; --             ;
; IP_TOOL_VERSION                    ; 9.1                            ; --            ; --                ; --             ;
; IP_TOOL_VERSION                    ; 9.1                            ; --            ; --                ; --             ;
; IP_TOOL_VERSION                    ; 9.1                            ; --            ; --                ; --             ;
; IP_TOOL_VERSION                    ; 9.1                            ; --            ; --                ; --             ;
; IP_TOOL_VERSION                    ; 9.1                            ; --            ; --                ; --             ;
; IP_TOOL_VERSION                    ; 9.1                            ; --            ; --                ; --             ;
; IP_TOOL_VERSION                    ; 9.1                            ; --            ; --                ; --             ;
; IP_TOOL_VERSION                    ; 9.1                            ; --            ; --                ; --             ;
; IP_TOOL_VERSION                    ; 9.1                            ; --            ; --                ; --             ;
; IP_TOOL_VERSION                    ; 9.1                            ; --            ; --                ; --             ;
; IP_TOOL_VERSION                    ; 9.1                            ; --            ; --                ; --             ;
; IP_TOOL_VERSION                    ; 9.1                            ; --            ; --                ; --             ;
; IP_TOOL_VERSION                    ; 9.1                            ; --            ; --                ; --             ;
; IP_TOOL_VERSION                    ; 9.1                            ; --            ; --                ; --             ;
; IP_TOOL_VERSION                    ; 9.1                            ; --            ; --                ; --             ;
; IP_TOOL_VERSION                    ; 9.1                            ; --            ; --                ; --             ;
; IP_TOOL_VERSION                    ; 9.1                            ; --            ; --                ; --             ;
; IP_TOOL_VERSION                    ; 9.1                            ; --            ; --                ; --             ;
; IP_TOOL_VERSION                    ; 9.1                            ; --            ; --                ; --             ;
; IP_TOOL_VERSION                    ; 9.1                            ; --            ; --                ; --             ;
; IP_TOOL_VERSION                    ; 9.1                            ; --            ; --                ; --             ;
; IP_TOOL_VERSION                    ; 9.1                            ; --            ; --                ; --             ;
; IP_TOOL_VERSION                    ; 9.1                            ; --            ; --                ; --             ;
; IP_TOOL_VERSION                    ; 9.1                            ; --            ; --                ; --             ;
; IP_TOOL_VERSION                    ; 9.1                            ; --            ; --                ; --             ;
; IP_TOOL_VERSION                    ; 9.1                            ; --            ; --                ; --             ;
; IP_TOOL_VERSION                    ; 9.1                            ; --            ; --                ; --             ;
; IP_TOOL_VERSION                    ; 9.1                            ; --            ; --                ; --             ;
; IP_TOOL_VERSION                    ; 9.1                            ; --            ; --                ; --             ;
; IP_TOOL_VERSION                    ; 9.1                            ; --            ; --                ; --             ;
; IP_TOOL_VERSION                    ; 9.1                            ; --            ; --                ; --             ;
; IP_TOOL_VERSION                    ; 9.1                            ; --            ; --                ; --             ;
; IP_TOOL_VERSION                    ; 9.1                            ; --            ; --                ; --             ;
; IP_TOOL_VERSION                    ; 9.1                            ; --            ; --                ; --             ;
; IP_TOOL_VERSION                    ; 9.1                            ; --            ; --                ; --             ;
; IP_TOOL_VERSION                    ; 9.1                            ; --            ; --                ; --             ;
; IP_TOOL_VERSION                    ; 9.1                            ; --            ; --                ; --             ;
; IP_TOOL_VERSION                    ; 9.1                            ; --            ; --                ; --             ;
; IP_TOOL_VERSION                    ; 9.1                            ; --            ; --                ; --             ;
; IP_TOOL_VERSION                    ; 9.1                            ; --            ; --                ; --             ;
; IP_TOOL_VERSION                    ; 9.1                            ; --            ; --                ; --             ;
; IP_TOOL_VERSION                    ; 9.1                            ; --            ; --                ; --             ;
; MISC_FILE                          ; rom/rom_mem.bsf                ; --            ; --                ; --             ;
; MISC_FILE                          ; rom/rom_mem.inc                ; --            ; --                ; --             ;
; MISC_FILE                          ; common/latch_8.bsf             ; --            ; --                ; --             ;
; MISC_FILE                          ; common/latch_8.inc             ; --            ; --                ; --             ;
; MISC_FILE                          ; common/sub_addr.bsf            ; --            ; --                ; --             ;
; MISC_FILE                          ; common/sub_addr.inc            ; --            ; --                ; --             ;
; MISC_FILE                          ; rom/const_256.bsf              ; --            ; --                ; --             ;
; MISC_FILE                          ; rom/const_256.inc              ; --            ; --                ; --             ;
; MISC_FILE                          ; common/latch_14.bsf            ; --            ; --                ; --             ;
; MISC_FILE                          ; common/latch_14.inc            ; --            ; --                ; --             ;
; MISC_FILE                          ; common/switch_singl_8.bsf      ; --            ; --                ; --             ;
; MISC_FILE                          ; common/switch_singl_8.inc      ; --            ; --                ; --             ;
; MISC_FILE                          ; ram/const_1024.bsf             ; --            ; --                ; --             ;
; MISC_FILE                          ; ram/const_1024.inc             ; --            ; --                ; --             ;
; MISC_FILE                          ; common/switch_mult_8.bsf       ; --            ; --                ; --             ;
; MISC_FILE                          ; common/switch_mult_8.inc       ; --            ; --                ; --             ;
; MISC_FILE                          ; common/switch_singl_14.bsf     ; --            ; --                ; --             ;
; MISC_FILE                          ; common/switch_singl_14.inc     ; --            ; --                ; --             ;
; MISC_FILE                          ; common/decoder_4to10.bsf       ; --            ; --                ; --             ;
; MISC_FILE                          ; common/decoder_4to10.inc       ; --            ; --                ; --             ;
; MISC_FILE                          ; common/latch_4.bsf             ; --            ; --                ; --             ;
; MISC_FILE                          ; common/latch_4.inc             ; --            ; --                ; --             ;
; MISC_FILE                          ; common/counter_8.bsf           ; --            ; --                ; --             ;
; MISC_FILE                          ; common/counter_8.inc           ; --            ; --                ; --             ;
; MISC_FILE                          ; common/counter_4.bsf           ; --            ; --                ; --             ;
; MISC_FILE                          ; common/counter_4.inc           ; --            ; --                ; --             ;
; MISC_FILE                          ; common/counter_3.bsf           ; --            ; --                ; --             ;
; MISC_FILE                          ; common/counter_3.inc           ; --            ; --                ; --             ;
; MISC_FILE                          ; common/decoder_3to8.bsf        ; --            ; --                ; --             ;
; MISC_FILE                          ; common/decoder_3to8.inc        ; --            ; --                ; --             ;
; MISC_FILE                          ; alu/or_8.bsf                   ; --            ; --                ; --             ;
; MISC_FILE                          ; alu/or_8.inc                   ; --            ; --                ; --             ;
; MISC_FILE                          ; alu/shift_left_8.bsf           ; --            ; --                ; --             ;
; MISC_FILE                          ; alu/shift_left_8.inc           ; --            ; --                ; --             ;
; MISC_FILE                          ; alu/compare_8.bsf              ; --            ; --                ; --             ;
; MISC_FILE                          ; alu/compare_8.inc              ; --            ; --                ; --             ;
; MISC_FILE                          ; common/const_0.bsf             ; --            ; --                ; --             ;
; MISC_FILE                          ; common/const_0.inc             ; --            ; --                ; --             ;
; MISC_FILE                          ; common/decoder_2to4.bsf        ; --            ; --                ; --             ;
; MISC_FILE                          ; common/decoder_2to4.inc        ; --            ; --                ; --             ;
; MISC_FILE                          ; common/compare_4.bsf           ; --            ; --                ; --             ;
; MISC_FILE                          ; common/compare_4.inc           ; --            ; --                ; --             ;
; MISC_FILE                          ; common/compare_8_eq.bsf        ; --            ; --                ; --             ;
; MISC_FILE                          ; common/compare_8_eq.inc        ; --            ; --                ; --             ;
; MISC_FILE                          ; cache/dff_1.bsf                ; --            ; --                ; --             ;
; MISC_FILE                          ; cache/dff_1.inc                ; --            ; --                ; --             ;
; MISC_FILE                          ; common/counter_2.bsf           ; --            ; --                ; --             ;
; MISC_FILE                          ; common/counter_2.inc           ; --            ; --                ; --             ;
; MISC_FILE                          ; common/counter_8_async.bsf     ; --            ; --                ; --             ;
; MISC_FILE                          ; common/counter_8_async.inc     ; --            ; --                ; --             ;
; MISC_FILE                          ; common/comparator_8_leq.bsf    ; --            ; --                ; --             ;
; MISC_FILE                          ; common/comparator_8_leq.inc    ; --            ; --                ; --             ;
; MISC_FILE                          ; common/mux_8.bsf               ; --            ; --                ; --             ;
; MISC_FILE                          ; common/mux_8.inc               ; --            ; --                ; --             ;
; MISC_FILE                          ; cache/shift_right_14.bsf       ; --            ; --                ; --             ;
; MISC_FILE                          ; cache/shift_right_14.inc       ; --            ; --                ; --             ;
; MISC_FILE                          ; common/const_1.bsf             ; --            ; --                ; --             ;
; MISC_FILE                          ; common/const_1.inc             ; --            ; --                ; --             ;
; MISC_FILE                          ; common/const_2.bsf             ; --            ; --                ; --             ;
; MISC_FILE                          ; common/const_2.inc             ; --            ; --                ; --             ;
; MISC_FILE                          ; common/const_3.bsf             ; --            ; --                ; --             ;
; MISC_FILE                          ; common/const_3.inc             ; --            ; --                ; --             ;
; MISC_FILE                          ; common/const_4.bsf             ; --            ; --                ; --             ;
; MISC_FILE                          ; common/const_4.inc             ; --            ; --                ; --             ;
; MISC_FILE                          ; common/const_5.bsf             ; --            ; --                ; --             ;
; MISC_FILE                          ; common/const_5.inc             ; --            ; --                ; --             ;
; MISC_FILE                          ; common/const_6.bsf             ; --            ; --                ; --             ;
; MISC_FILE                          ; common/const_6.inc             ; --            ; --                ; --             ;
; MISC_FILE                          ; common/mux_1.bsf               ; --            ; --                ; --             ;
; MISC_FILE                          ; common/mux_1.inc               ; --            ; --                ; --             ;
; MISC_FILE                          ; common/latch_1.bsf             ; --            ; --                ; --             ;
; MISC_FILE                          ; common/latch_1.inc             ; --            ; --                ; --             ;
; MISC_FILE                          ; common/const_16.bsf            ; --            ; --                ; --             ;
; MISC_FILE                          ; common/const_16.inc            ; --            ; --                ; --             ;
; MISC_FILE                          ; common/const_32.bsf            ; --            ; --                ; --             ;
; MISC_FILE                          ; common/const_32.inc            ; --            ; --                ; --             ;
; MISC_FILE                          ; common/const_64.bsf            ; --            ; --                ; --             ;
; MISC_FILE                          ; common/const_64.inc            ; --            ; --                ; --             ;
; MISC_FILE                          ; common/const_128.bsf           ; --            ; --                ; --             ;
; MISC_FILE                          ; common/const_128.inc           ; --            ; --                ; --             ;
; MISC_FILE                          ; common/counter_8_set.bsf       ; --            ; --                ; --             ;
; MISC_FILE                          ; common/counter_8_set.inc       ; --            ; --                ; --             ;
; MISC_FILE                          ; common/const_127.bsf           ; --            ; --                ; --             ;
; MISC_FILE                          ; common/const_127.inc           ; --            ; --                ; --             ;
; MISC_FILE                          ; common/add_8.bsf               ; --            ; --                ; --             ;
; MISC_FILE                          ; common/add_8.inc               ; --            ; --                ; --             ;
; MISC_FILE                          ; common/sub_8.tdf               ; --            ; --                ; --             ;
; MISC_FILE                          ; common/sub_8.bsf               ; --            ; --                ; --             ;
; MISC_FILE                          ; common/sub_8.inc               ; --            ; --                ; --             ;
; MISC_FILE                          ; common/const_125.bsf           ; --            ; --                ; --             ;
; MISC_FILE                          ; common/const_125.inc           ; --            ; --                ; --             ;
; MISC_FILE                          ; common/const_126.bsf           ; --            ; --                ; --             ;
; MISC_FILE                          ; common/const_126.inc           ; --            ; --                ; --             ;
; MISC_FILE                          ; common/counter_8_alr.bsf       ; --            ; --                ; --             ;
; MISC_FILE                          ; common/counter_8_alr.inc       ; --            ; --                ; --             ;
; MISC_FILE                          ; common/const_65.bsf            ; --            ; --                ; --             ;
; MISC_FILE                          ; common/const_65.inc            ; --            ; --                ; --             ;
; MISC_FILE                          ; common/const_66.bsf            ; --            ; --                ; --             ;
; MISC_FILE                          ; common/const_66.inc            ; --            ; --                ; --             ;
; MISC_FILE                          ; common/const_67.bsf            ; --            ; --                ; --             ;
; MISC_FILE                          ; common/const_67.inc            ; --            ; --                ; --             ;
; MISC_FILE                          ; common/const_17.bsf            ; --            ; --                ; --             ;
; MISC_FILE                          ; common/const_17.inc            ; --            ; --                ; --             ;
; MISC_FILE                          ; common/const_15.bsf            ; --            ; --                ; --             ;
; MISC_FILE                          ; common/const_15.inc            ; --            ; --                ; --             ;
; MISC_FILE                          ; common/const_31.bsf            ; --            ; --                ; --             ;
; MISC_FILE                          ; common/const_31.inc            ; --            ; --                ; --             ;
; MISC_FILE                          ; common/const_33.bsf            ; --            ; --                ; --             ;
; MISC_FILE                          ; common/const_33.inc            ; --            ; --                ; --             ;
; MISC_FILE                          ; common/const_34.bsf            ; --            ; --                ; --             ;
; MISC_FILE                          ; common/const_34.inc            ; --            ; --                ; --             ;
; MISC_FILE                          ; common/const_36.bsf            ; --            ; --                ; --             ;
; MISC_FILE                          ; common/const_36.inc            ; --            ; --                ; --             ;
; MISC_FILE                          ; common/const_35.bsf            ; --            ; --                ; --             ;
; MISC_FILE                          ; common/const_35.inc            ; --            ; --                ; --             ;
; MISC_FILE                          ; common/const_37.bsf            ; --            ; --                ; --             ;
; MISC_FILE                          ; common/const_37.inc            ; --            ; --                ; --             ;
; MISC_FILE                          ; common/const_38.bsf            ; --            ; --                ; --             ;
; MISC_FILE                          ; common/const_38.inc            ; --            ; --                ; --             ;
; MISC_FILE                          ; common/const_39.bsf            ; --            ; --                ; --             ;
; MISC_FILE                          ; common/const_39.inc            ; --            ; --                ; --             ;
; MISC_FILE                          ; common/const_40.bsf            ; --            ; --                ; --             ;
; MISC_FILE                          ; common/const_40.inc            ; --            ; --                ; --             ;
; MISC_FILE                          ; common/const_41.bsf            ; --            ; --                ; --             ;
; MISC_FILE                          ; common/const_41.inc            ; --            ; --                ; --             ;
; MISC_FILE                          ; common/mux_3.bsf               ; --            ; --                ; --             ;
; MISC_FILE                          ; common/mux_3.inc               ; --            ; --                ; --             ;
; MISC_FILE                          ; const_0_3b.bsf                 ; --            ; --                ; --             ;
; MISC_FILE                          ; const_0_3b.inc                 ; --            ; --                ; --             ;
; MISC_FILE                          ; common/const_1_3b.bsf          ; --            ; --                ; --             ;
; MISC_FILE                          ; common/const_1_3b.inc          ; --            ; --                ; --             ;
; MISC_FILE                          ; common/const_2_3b.bsf          ; --            ; --                ; --             ;
; MISC_FILE                          ; common/const_2_3b.inc          ; --            ; --                ; --             ;
; MISC_FILE                          ; common/const_3_3b.bsf          ; --            ; --                ; --             ;
; MISC_FILE                          ; common/const_3_3b.inc          ; --            ; --                ; --             ;
; MISC_FILE                          ; common/const_4_3b.bsf          ; --            ; --                ; --             ;
; MISC_FILE                          ; common/const_4_3b.inc          ; --            ; --                ; --             ;
; MISC_FILE                          ; common/const_5_3b.bsf          ; --            ; --                ; --             ;
; MISC_FILE                          ; common/const_5_3b.inc          ; --            ; --                ; --             ;
; MISC_FILE                          ; common/const_6_3b.bsf          ; --            ; --                ; --             ;
; MISC_FILE                          ; common/const_6_3b.inc          ; --            ; --                ; --             ;
; MISC_FILE                          ; common/const_7_3b.bsf          ; --            ; --                ; --             ;
; MISC_FILE                          ; common/const_7_3b.inc          ; --            ; --                ; --             ;
; MISC_FILE                          ; cache/tag_select.bsf           ; --            ; --                ; --             ;
; MISC_FILE                          ; cache/tag_select.inc           ; --            ; --                ; --             ;
; MISC_FILE                          ; cache/set_select.bsf           ; --            ; --                ; --             ;
; MISC_FILE                          ; cache/set_select.inc           ; --            ; --                ; --             ;
; MISC_FILE                          ; common/latch_3.bsf             ; --            ; --                ; --             ;
; MISC_FILE                          ; common/latch_3.inc             ; --            ; --                ; --             ;
; MISC_FILE                          ; common/mux_2.bsf               ; --            ; --                ; --             ;
; MISC_FILE                          ; common/mux_2.inc               ; --            ; --                ; --             ;
; MISC_FILE                          ; common/switch_2.bsf            ; --            ; --                ; --             ;
; MISC_FILE                          ; common/switch_2.inc            ; --            ; --                ; --             ;
; MISC_FILE                          ; common/sub_2.bsf               ; --            ; --                ; --             ;
; MISC_FILE                          ; common/sub_2.inc               ; --            ; --                ; --             ;
; MISC_FILE                          ; const_2_2b.bsf                 ; --            ; --                ; --             ;
; MISC_FILE                          ; const_2_2b.inc                 ; --            ; --                ; --             ;
; MISC_FILE                          ; common/const_129.bsf           ; --            ; --                ; --             ;
; MISC_FILE                          ; common/const_129.inc           ; --            ; --                ; --             ;
; MISC_FILE                          ; common/const_130.bsf           ; --            ; --                ; --             ;
; MISC_FILE                          ; common/const_130.inc           ; --            ; --                ; --             ;
; MISC_FILE                          ; common/const_131.bsf           ; --            ; --                ; --             ;
; MISC_FILE                          ; common/const_131.inc           ; --            ; --                ; --             ;
; MISC_FILE                          ; common/const_132.bsf           ; --            ; --                ; --             ;
; MISC_FILE                          ; common/const_132.inc           ; --            ; --                ; --             ;
; MISC_FILE                          ; common/const_1_2b.bsf          ; --            ; --                ; --             ;
; MISC_FILE                          ; common/const_1_2b.inc          ; --            ; --                ; --             ;
; MISC_FILE                          ; common/mus_4.bsf               ; --            ; --                ; --             ;
; MISC_FILE                          ; common/mus_4.inc               ; --            ; --                ; --             ;
; MISC_FILE                          ; common/switch_3.bsf            ; --            ; --                ; --             ;
; MISC_FILE                          ; common/switch_3.inc            ; --            ; --                ; --             ;
; MISC_FILE                          ; common/const_42.bsf            ; --            ; --                ; --             ;
; MISC_FILE                          ; common/const_42.inc            ; --            ; --                ; --             ;
; MISC_FILE                          ; common/const_18.bsf            ; --            ; --                ; --             ;
; MISC_FILE                          ; common/const_18.inc            ; --            ; --                ; --             ;
; MISC_FILE                          ; common/const_133.bsf           ; --            ; --                ; --             ;
; MISC_FILE                          ; common/const_133.inc           ; --            ; --                ; --             ;
; MISC_FILE                          ; common/latch_8_zero_init.bsf   ; --            ; --                ; --             ;
; MISC_FILE                          ; common/latch_8_zero_init.inc   ; --            ; --                ; --             ;
; MISC_FILE                          ; common/latch_4_zero_init.bsf   ; --            ; --                ; --             ;
; MISC_FILE                          ; common/latch_4_zero_init.inc   ; --            ; --                ; --             ;
; MISC_FILE                          ; common/latch_1_aclr.bsf        ; --            ; --                ; --             ;
; MISC_FILE                          ; common/latch_1_aclr.inc        ; --            ; --                ; --             ;
; MISC_FILE                          ; common/latch_1_zero_state.bsf  ; --            ; --                ; --             ;
; MISC_FILE                          ; common/latch_1_zero_state.inc  ; --            ; --                ; --             ;
; MISC_FILE                          ; common/latch_1_zs.bsf          ; --            ; --                ; --             ;
; MISC_FILE                          ; common/latch_1_zs.inc          ; --            ; --                ; --             ;
; MISC_FILE                          ; common/const_3_2b.bsf          ; --            ; --                ; --             ;
; MISC_FILE                          ; common/const_3_2b.inc          ; --            ; --                ; --             ;
; MISC_FILE                          ; common/const_43.bsf            ; --            ; --                ; --             ;
; MISC_FILE                          ; common/const_43.inc            ; --            ; --                ; --             ;
; MISC_FILE                          ; common/mux_14.bsf              ; --            ; --                ; --             ;
; MISC_FILE                          ; common/mux_14.inc              ; --            ; --                ; --             ;
; MISC_FILE                          ; common/const_0_14b.bsf         ; --            ; --                ; --             ;
; MISC_FILE                          ; common/const_0_14b.inc         ; --            ; --                ; --             ;
; MISC_FILE                          ; common/const_44.bsf            ; --            ; --                ; --             ;
; MISC_FILE                          ; common/const_44.inc            ; --            ; --                ; --             ;
; MISC_FILE                          ; common/counter_8_aset_sclr.bsf ; --            ; --                ; --             ;
; MISC_FILE                          ; common/counter_8_aset_sclr.inc ; --            ; --                ; --             ;
; PARTITION_COLOR                    ; 16764057                       ; --            ; parse_input_words ; Top            ;
; PARTITION_NETLIST_TYPE             ; SOURCE                         ; --            ; parse_input_words ; Top            ;
; TOP_LEVEL_ENTITY                   ; parse_input_words              ; KatPro        ; --                ; --             ;
; USE_GENERATED_PHYSICAL_CONSTRAINTS ; Off                            ; --            ; --                ; eda_blast_fpga ;
+------------------------------------+--------------------------------+---------------+-------------------+----------------+


+--------------------------------------------------------------------------------------------------------------------------+
; Flow Elapsed Time                                                                                                        ;
+----------------------+--------------+-------------------------+---------------------+------------------------------------+
; Module Name          ; Elapsed Time ; Average Processors Used ; Peak Virtual Memory ; Total CPU Time (on all processors) ;
+----------------------+--------------+-------------------------+---------------------+------------------------------------+
; Analysis & Synthesis ; 00:00:07     ; 1.0                     ; 240 MB              ; 00:00:07                           ;
; Total                ; 00:00:07     ; --                      ; --                  ; 00:00:07                           ;
+----------------------+--------------+-------------------------+---------------------+------------------------------------+


+---------------------------------------------------------------------------------------+
; Flow OS Summary                                                                       ;
+----------------------+------------------+---------------+------------+----------------+
; Module Name          ; Machine Hostname ; OS Name       ; OS Version ; Processor type ;
+----------------------+------------------+---------------+------------+----------------+
; Analysis & Synthesis ; SHTURMAN-PC      ; Windows Vista ; 6.2        ; x86_64         ;
+----------------------+------------------+---------------+------------+----------------+


------------
; Flow Log ;
------------
quartus_map --read_settings_files=on --write_settings_files=off KatPro -c KatPro



